[2026-09-17 12:49:46] Searching for product: Tshirt
[2026-09-17 12:49:58] Product added to cart: Tshirt
[2026-09-17 12:49:58] Searching for product: Jeans
[2026-09-17 12:50:28] Product added to cart: Jeans
[2026-09-17 12:50:31] Cart page verified
[2026-09-17 13:02:18] Attempting login with amretadey.tensat@gmail.com
[2026-09-17 13:02:27] Login submitted
[2026-09-17 13:02:32] Logged out
[2026-09-17 13:02:42] Attempting login with wronguser@example.com
[2026-09-17 13:02:47] Login submitted
[2026-09-17 13:02:59] Searching for product: Tshirt
[2026-09-17 13:03:08] Product added to cart: Tshirt
[2026-09-17 13:03:08] Searching for product: Jeans
[2026-09-17 13:03:38] Product added to cart: Jeans
[2026-09-17 13:03:42] Cart page verified
[2026-09-17 13:04:10] Logged out
[2026-09-19 20:53:59] Searching for product: Tshirt
[2026-09-19 20:54:08] Product added to cart: Tshirt
[2026-09-19 20:54:08] Searching for product: Jeans
[2026-09-19 20:54:20] Product added to cart: Jeans
[2026-09-19 20:54:21] Cart page verified
[2026-09-19 20:59:52] Attempting login with amretadey.tensat@gmail.com
[2026-09-19 20:59:54] Login submitted
[2026-09-19 20:59:58] Logged out
[2026-09-19 21:00:08] Attempting login with wronguser@example.com
[2026-09-19 21:00:09] Login submitted
[2026-09-19 21:00:22] Searching for product: Tshirt
[2026-09-19 21:00:39] Product added to cart: Tshirt
[2026-09-19 21:00:39] Searching for product: Jeans
[2026-09-19 21:00:53] Product added to cart: Jeans
[2026-09-19 21:00:55] Cart page verified
[2026-09-19 21:01:14] Logged out
[2026-09-25 18:13:25] Attempting login with amretadey.tensat@gmail.com
[2026-09-25 18:13:53] Login submitted
[2026-09-25 18:14:19] Logged out
[2026-09-25 18:14:32] Attempting login with wronguser@example.com
[2026-09-25 18:14:37] Login submitted
[2026-09-25 18:14:47] Searching for product: Tshirt
[2026-09-25 18:15:19] Product added to cart: Tshirt
[2026-09-25 18:15:19] Searching for product: Jeans
[2026-09-25 18:15:33] Product added to cart: Jeans
[2026-09-25 18:15:35] Cart page verified
[2026-09-25 18:16:20] Logged out
[2026-09-25 21:02:52] Attempting login with amretadey.tensat@gmail.com
[2026-09-25 21:03:04] Login submitted
[2026-09-25 21:03:29] Logged out
[2026-09-25 21:03:42] Attempting login with wronguser@example.com
[2026-09-25 21:03:49] Login submitted
[2026-09-25 21:04:00] Searching for product: Tshirt
[2026-09-25 21:04:10] Product added to cart: Tshirt
[2026-09-25 21:04:10] Searching for product: Jeans
[2026-09-25 21:04:39] Product added to cart: Jeans
[2026-09-25 21:04:43] Cart page verified
[2026-09-25 21:05:24] Logged out
[2026-09-26 14:12:01] Attempting login with amretadey.tensat@gmail.com
[2026-09-26 14:12:56] Attempting login with amretadey.tensat@gmail.com
[2026-09-26 14:13:03] Login submitted
[2026-09-26 14:13:05] Logged out
[2026-09-26 14:13:18] Attempting login with wronguser@example.com
[2026-09-26 14:13:22] Login submitted
[2026-09-26 14:13:34] Searching for product: Tshirt
[2026-09-26 14:13:39] Product added to cart: Tshirt
[2026-09-26 14:13:39] Searching for product: Jeans
[2026-09-26 14:13:46] Product added to cart: Jeans
[2026-09-26 14:13:48] Cart page verified
[2026-09-26 14:14:05] Logged out
[2026-09-26 14:22:49] Attempting login with amretadey.tensat@gmail.com
[2026-09-26 14:23:18] Login submitted
[2026-09-26 14:23:22] Logged out
[2026-09-26 14:23:37] Attempting login with wronguser@example.com
[2026-09-26 14:23:46] Login submitted
[2026-09-26 14:23:55] Searching for product: Tshirt
[2026-09-26 14:24:04] Product added to cart: Tshirt
[2026-09-26 14:24:04] Searching for product: Jeans
[2026-09-26 14:24:54] Product added to cart: Jeans
[2026-09-26 14:24:57] Cart page verified
[2026-09-26 14:25:45] Logged out
